2026-01-13 15:32:18,031 - __main__ - INFO - Launching Browser
2026-01-13 15:32:53,091 - HomePage - INFO - Waiting for visibility of city_field
2026-01-13 15:32:53,345 - HomePage - INFO - City field sucessfully located
2026-01-13 15:32:53,782 - HomePage - INFO - City field sucessfully clicked
2026-01-13 15:32:53,934 - HomePage - INFO - City Buttons located in the dropdown box
2026-01-13 15:41:52,548 - HomePage - INFO - Waiting for visibility of city_field
2026-01-13 15:41:52,606 - HomePage - INFO - City field sucessfully located
2026-01-13 15:41:52,915 - HomePage - INFO - City field sucessfully clicked
2026-01-13 15:41:53,047 - HomePage - INFO - City Buttons located in the dropdown box
2026-01-13 15:41:53,049 - HomePage - INFO - Number of City Buttons located 2
2026-01-13 15:41:53,052 - HomePage - INFO - Looking through the city buttons
2026-01-13 15:41:53,436 - HomePage - INFO - Found city
2026-01-13 15:41:53,873 - HomePage - INFO - City selected
2026-01-13 15:42:07,871 - HomePage - INFO - Waiting for visibility of city_field
2026-01-13 15:42:08,099 - HomePage - INFO - City field sucessfully located
2026-01-13 15:42:08,486 - HomePage - INFO - City field sucessfully clicked
2026-01-13 15:42:08,879 - HomePage - INFO - City Buttons located in the dropdown box
2026-01-13 15:42:08,883 - HomePage - INFO - Number of City Buttons located 2
2026-01-13 15:42:08,888 - HomePage - INFO - Looking through the city buttons
2026-01-13 15:42:09,410 - HomePage - INFO - Found city
2026-01-13 15:42:09,954 - HomePage - INFO - City selected
2026-01-13 15:43:40,290 - HomePage - INFO - Waiting for visibility of city_field
2026-01-13 15:43:40,356 - HomePage - INFO - City field sucessfully located
2026-01-13 15:43:40,668 - HomePage - INFO - City field sucessfully clicked
2026-01-13 15:43:40,804 - HomePage - INFO - City Buttons located in the dropdown box
2026-01-13 15:43:40,805 - HomePage - INFO - Number of City Buttons located 2
2026-01-13 15:43:40,807 - HomePage - INFO - Looking through the city buttons
2026-01-13 15:43:41,451 - HomePage - INFO - Found city, rawalpindi, islamabad
karachi
lahore
rawalpindi
abbottabad
abdul hakim
ahmedpur east
ali masjid
alipur
arifwala
astore
attock
awaran
badin
bagh
bahawalnagar
bahawalpur
balakot
bannu
barnala
batkhela
battagram
bhakkar
bhalwal
bhimber
buner
burewala
chaghi
chakwal
charsadda
chichawatni
chilas
chiniot
chishtian
chishtian sharif
chitral
choa saidan shah
chunian
dadu
daharki
daska
daur
depalpur
dera ghazi khan
dera ismail khan
dijkot
dina
dinga
dobian
duniya pur
fata
faisalabad
fateh jang
gaddani
gadoon
galyat
gambat
ghakhar
ghanche
gharo
ghizar
ghotki
gilgit
gojra
gujar khan
gujranwala
gujrat
gwadar
hafizabad
hala
hangu
harappa
haripur
haroonabad
hasilpur
hassan abdal
haveli lakha
hazro
hub chowki
hujra shah muqeem
hunza
hyderabad
jacobabad
jahanian
jalalpur jattan
jampur
jamshoro
jandola
jaranwala
jatoi
jauharabad
jhang
jhelum
kabirwala
kaghan
kahror pakka
kalat
kamalia
kamoki
kandiaro
karak
kasur
khairpur
khanewal
khanpur
khaplu
kharian
khipro
khushab
khuzdar
kohat
kohistan
kot addu
kotli
kotri
lakki marwat
lalamusa
landi kotal
larkana
lasbela
layyah
liaquatpur
lodhran
loralai
lower dir
mailsi
makran
malakand
malal
mandi bahauddin
mangla
mansehra
mardan
matiari
matli
mehrabpur
mian channu
mianwali
mingora
miran shah
mirpur
mirpur khas
mirpur sakro
mitha tiwana
moro
multan
muridke
murree
muzaffarabad
muzaffargarh
nankana sahib
naran
narowal
nasirabad
naushahro feroze
nawabshah
neelum
nowshera
okara
pakpattan
pallandri
parachinar
pasrur
pattoki
peshawar
pind dadan khan
pindi bhattian
pir mahal
poonch
qazi ahmed
quetta
rahim yar khan
raiwind
rajanpur
rato dero
rawalakot
renala khurd
rohri
sadiqabad
sahiwal
sakrand
samundri
sanghar
sangla hill
sarai alamgir
sargodha
sehwan
shabqadar
shahdadpur
shahkot
shahpur chakar
shakargarh
shangla
shehr sultan
sheikhupura
sher garh
shikarpur
shorkot
sialkot
sibi
skardu
sudhnoti
sujawal
sukkur
swabi
swat
talagang
tando adam
tando allahyar
tando bago
tando muhammad khan
tank
taxila
tharparkar
thatta
toba tek singh
torkham
turbat
umarkot
upper dir
vehari
wah
wana
wazirabad
waziristan
winder
yazman
zhob
close
2026-01-13 15:43:42,064 - HomePage - INFO - City selected
2026-01-13 15:50:16,353 - HomePage - INFO - Waiting for visibility of city_field
2026-01-13 15:50:16,450 - HomePage - INFO - City field sucessfully located
2026-01-13 15:50:16,870 - HomePage - INFO - City field sucessfully clicked
2026-01-13 15:50:23,782 - HomePage - INFO - City Buttons located in the dropdown box
2026-01-13 15:50:23,785 - HomePage - INFO - Number of City Buttons located 228
2026-01-13 15:50:23,788 - HomePage - INFO - Looking through the city buttons
2026-01-13 15:50:23,868 - HomePage - INFO - Looking through the city buttons
2026-01-13 15:50:23,927 - HomePage - INFO - Looking through the city buttons
2026-01-13 15:50:23,973 - HomePage - INFO - Looking through the city buttons
2026-01-13 15:50:24,056 - HomePage - INFO - Found city, rawalpindi, rawalpindi
2026-01-13 15:50:24,889 - HomePage - INFO - City selected
2026-01-13 16:04:47,086 - HomePage - INFO - Waiting for visibility of city_field
2026-01-13 16:04:47,315 - HomePage - INFO - City field sucessfully located
2026-01-13 16:04:47,594 - HomePage - INFO - City field sucessfully clicked
2026-01-13 16:04:53,646 - HomePage - INFO - City Buttons located in the dropdown box
2026-01-13 16:04:53,650 - HomePage - INFO - Number of City Buttons located 228
2026-01-13 16:04:53,656 - HomePage - INFO - Looking through the city buttons
2026-01-13 16:04:53,866 - HomePage - INFO - Found city, rawalpindi, rawalpindi
2026-01-13 16:04:54,452 - HomePage - INFO - City selected
2026-01-13 16:04:54,455 - __main__ - INFO - City Selected
2026-01-13 16:04:54,461 - HomePage - INFO - Waiting for visibility of Location field
2026-01-13 16:04:54,549 - HomePage - INFO - Location field sucessfully located
2026-01-13 16:04:54,938 - HomePage - INFO - Location field clicked
2026-01-13 17:41:38,857 - __main__ - INFO - Launching Browser
2026-01-13 17:42:18,695 - HomePage - INFO - Waiting for visibility of city_field
2026-01-13 17:42:18,788 - HomePage - INFO - City field sucessfully located
2026-01-13 17:42:19,192 - HomePage - INFO - City field sucessfully clicked
2026-01-13 17:42:25,961 - HomePage - INFO - City Buttons located in the dropdown box
2026-01-13 17:42:25,964 - HomePage - INFO - Number of City Buttons located 228
2026-01-13 17:42:25,968 - HomePage - INFO - Looking through the city buttons
2026-01-13 17:42:26,069 - HomePage - INFO - Found city, rawalpindi, rawalpindi
2026-01-13 17:42:26,423 - HomePage - INFO - City selected
2026-01-13 17:42:26,426 - __main__ - INFO - City Selected
2026-01-13 17:42:26,429 - HomePage - INFO - Waiting for visibility of Location field
2026-01-13 17:42:26,987 - HomePage - INFO - Location field sucessfully located
2026-01-13 17:42:27,511 - HomePage - INFO - Location field clicked
2026-01-13 17:46:48,679 - HomePage - INFO - Waiting for visibility of city_field
2026-01-13 17:46:48,893 - HomePage - INFO - City field sucessfully located
2026-01-13 17:46:49,424 - HomePage - INFO - City field sucessfully clicked
2026-01-13 17:46:56,226 - HomePage - INFO - City Buttons located in the dropdown box
2026-01-13 17:46:56,230 - HomePage - INFO - Number of City Buttons located 228
2026-01-13 17:46:56,235 - HomePage - INFO - Looking through the city buttons
2026-01-13 17:46:56,475 - HomePage - INFO - Found city, rawalpindi, rawalpindi
2026-01-13 17:46:57,092 - HomePage - INFO - City selected
2026-01-13 17:46:57,097 - __main__ - INFO - City Selected
2026-01-13 17:46:57,100 - HomePage - INFO - Waiting for visibility of Location field
2026-01-13 17:46:57,227 - HomePage - INFO - Location field sucessfully located
2026-01-13 17:46:57,475 - HomePage - INFO - Location field clicked
2026-01-13 17:46:57,646 - HomePage - INFO - Sending Adiala Road to Location field.
2026-01-13 17:46:57,648 - __main__ - INFO - Location inputed
2026-01-13 17:48:42,693 - HomePage - INFO - Waiting for visibility of city_field
2026-01-13 17:48:42,791 - HomePage - INFO - City field sucessfully located
2026-01-13 17:48:43,138 - HomePage - INFO - City field sucessfully clicked
2026-01-13 17:48:51,057 - HomePage - INFO - City Buttons located in the dropdown box
2026-01-13 17:48:51,063 - HomePage - INFO - Number of City Buttons located 228
2026-01-13 17:48:51,067 - HomePage - INFO - Looking through the city buttons
2026-01-13 17:48:51,309 - HomePage - INFO - Found city, rawalpindi, rawalpindi
2026-01-13 17:48:51,957 - HomePage - INFO - City selected
2026-01-13 17:48:51,960 - __main__ - INFO - City Selected
2026-01-13 17:48:51,963 - HomePage - INFO - Waiting for visibility of Location field
2026-01-13 17:48:52,011 - HomePage - INFO - Location field sucessfully located
2026-01-13 17:48:52,282 - HomePage - INFO - Location field clicked
2026-01-13 17:48:53,718 - HomePage - INFO - Sending Adiala Road to Location field.
2026-01-13 17:48:53,721 - __main__ - INFO - Location inputed
2026-01-13 17:52:06,613 - HomePage - INFO - Waiting for visibility of city_field
2026-01-13 17:52:06,711 - HomePage - INFO - City field sucessfully located
2026-01-13 17:52:07,133 - HomePage - INFO - City field sucessfully clicked
2026-01-13 17:52:13,963 - HomePage - INFO - City Buttons located in the dropdown box
2026-01-13 17:52:13,967 - HomePage - INFO - Number of City Buttons located 228
2026-01-13 17:52:13,972 - HomePage - INFO - Looking through the city buttons
2026-01-13 17:52:14,205 - HomePage - INFO - Found city, rawalpindi, rawalpindi
2026-01-13 17:52:14,740 - HomePage - INFO - City selected
2026-01-13 17:52:14,746 - __main__ - INFO - City Selected
2026-01-13 17:52:14,749 - HomePage - INFO - Waiting for visibility of Location field
2026-01-13 17:52:14,800 - HomePage - INFO - Location field sucessfully located
2026-01-13 17:52:15,027 - HomePage - INFO - Location field clicked
2026-01-13 17:52:16,063 - HomePage - INFO - Sending Adiala Road to Location field.
2026-01-13 17:52:16,067 - __main__ - INFO - Location inputed
2026-01-13 17:52:16,072 - HomePage - INFO - Waiting for the Find button to be clickable
2026-01-13 17:52:16,202 - HomePage - INFO - Find Button clicked
2026-01-13 17:53:18,217 - HomePage - INFO - Waiting for visibility of city_field
2026-01-13 17:53:18,283 - HomePage - INFO - City field sucessfully located
2026-01-13 17:53:18,593 - HomePage - INFO - City field sucessfully clicked
2026-01-13 17:53:25,952 - HomePage - INFO - City Buttons located in the dropdown box
2026-01-13 17:53:25,956 - HomePage - INFO - Number of City Buttons located 228
2026-01-13 17:53:25,961 - HomePage - INFO - Looking through the city buttons
2026-01-13 17:53:26,160 - HomePage - INFO - Found city, rawalpindi, rawalpindi
2026-01-13 17:53:26,747 - HomePage - INFO - City selected
2026-01-13 17:53:26,755 - __main__ - INFO - City Selected
2026-01-13 17:53:26,760 - HomePage - INFO - Waiting for visibility of Location field
2026-01-13 17:53:26,888 - HomePage - INFO - Location field sucessfully located
2026-01-13 17:53:27,204 - HomePage - INFO - Location field clicked
2026-01-13 17:53:28,423 - HomePage - INFO - Sending Adiala Road to Location field.
2026-01-13 17:53:28,427 - __main__ - INFO - Location inputed
2026-01-13 17:53:28,434 - HomePage - INFO - Waiting for the Find button to be clickable
2026-01-13 17:53:29,934 - HomePage - INFO - Find Button clicked
2026-01-13 17:58:05,989 - HomePage - INFO - Waiting for visibility of city_field
2026-01-13 17:58:06,104 - HomePage - INFO - City field sucessfully located
2026-01-13 17:58:06,398 - HomePage - INFO - City field sucessfully clicked
2026-01-13 17:58:11,661 - HomePage - INFO - City Buttons located in the dropdown box
2026-01-13 17:58:11,666 - HomePage - INFO - Number of City Buttons located 228
2026-01-13 17:58:11,669 - HomePage - INFO - Looking through the city buttons
2026-01-13 17:58:11,811 - HomePage - INFO - Found city, rawalpindi, rawalpindi
2026-01-13 17:58:12,243 - HomePage - INFO - City selected
2026-01-13 17:58:12,246 - __main__ - INFO - City Selected
2026-01-13 17:58:12,249 - HomePage - INFO - Waiting for visibility of Location field
2026-01-13 17:58:12,372 - HomePage - INFO - Location field sucessfully located
2026-01-13 17:58:12,948 - HomePage - INFO - Location field clicked
2026-01-13 17:58:13,924 - HomePage - INFO - Sending Adiala Road to Location field.
2026-01-13 17:58:13,933 - __main__ - INFO - Location inputed
2026-01-13 17:58:13,937 - HomePage - INFO - Waiting for the Find button to be clickable
2026-01-13 17:58:17,932 - HomePage - INFO - Find Button clicked
2026-01-13 17:58:25,621 - HomePage - INFO - Waiting for visibility of city_field
2026-01-13 17:58:25,720 - HomePage - INFO - City field sucessfully located
2026-01-13 17:58:26,082 - HomePage - INFO - City field sucessfully clicked
2026-01-13 17:58:33,748 - HomePage - INFO - City Buttons located in the dropdown box
2026-01-13 17:58:33,751 - HomePage - INFO - Number of City Buttons located 228
2026-01-13 17:58:33,754 - HomePage - INFO - Looking through the city buttons
2026-01-13 17:58:41,563 - HomePage - INFO - Found city, swat, swat
2026-01-13 17:58:41,906 - HomePage - INFO - City selected
2026-01-13 17:58:41,908 - HomePage - INFO - Waiting for visibility of Location field
2026-01-13 17:58:41,997 - HomePage - INFO - Location field sucessfully located
2026-01-13 17:58:42,338 - HomePage - INFO - Location field clicked
2026-01-13 17:58:43,338 - HomePage - INFO - Sending Bara Samai to Location field.
2026-01-13 17:58:43,345 - HomePage - INFO - Waiting for the Find button to be clickable
2026-01-13 17:58:44,573 - HomePage - INFO - Find Button clicked
2026-01-13 19:53:55,278 - __main__ - INFO - Launching Browser
2026-01-13 19:56:17,154 - __main__ - INFO - Launching Browser
2026-01-13 19:56:49,977 - HomePage - INFO - Waiting for visibility of city_field
2026-01-13 19:56:50,195 - HomePage - INFO - City field sucessfully located
2026-01-13 19:57:19,134 - HomePage - INFO - Waiting for visibility of city_field
2026-01-13 19:57:19,196 - HomePage - INFO - City field sucessfully located
2026-01-13 19:57:29,600 - HomePage - INFO - Waiting for visibility of city_field
2026-01-13 19:57:29,642 - HomePage - INFO - City field sucessfully located
2026-01-13 19:57:29,818 - HomePage - INFO - City field sucessfully clicked
2026-01-13 19:57:31,598 - HomePage - INFO - City Buttons located in the dropdown box
2026-01-13 19:57:31,599 - HomePage - INFO - Number of City Buttons located 228
2026-01-13 19:57:31,601 - HomePage - INFO - Looking through the city buttons
2026-01-13 19:57:33,384 - HomePage - INFO - Found city, swat, swat
2026-01-13 19:57:33,577 - HomePage - INFO - City selected
2026-01-13 19:57:33,578 - HomePage - INFO - Waiting for visibility of Location field
2026-01-13 19:57:33,657 - HomePage - INFO - Location field sucessfully located
2026-01-13 19:57:33,759 - HomePage - INFO - Location field clicked
2026-01-13 19:57:34,369 - HomePage - INFO - Sending Bara Samai to Location field.
2026-01-13 19:57:34,370 - HomePage - INFO - Waiting for the Find button to be clickable
2026-01-13 19:57:34,811 - HomePage - INFO - Find Button clicked
2026-01-13 19:58:36,891 - HomePage - INFO - Waiting for visibility of city_field
2026-01-13 19:58:37,048 - HomePage - INFO - City field sucessfully located
2026-01-13 19:58:37,359 - HomePage - INFO - City field sucessfully clicked
2026-01-13 19:58:43,934 - HomePage - INFO - City Buttons located in the dropdown box
2026-01-13 19:58:43,938 - HomePage - INFO - Number of City Buttons located 228
2026-01-13 19:58:43,943 - HomePage - INFO - Looking through the city buttons
2026-01-13 19:58:44,151 - HomePage - INFO - Found city, rawalpindi, rawalpindi
2026-01-13 19:58:44,697 - HomePage - INFO - City selected
2026-01-13 19:58:44,702 - HomePage - INFO - Waiting for visibility of Location field
2026-01-13 19:58:44,784 - HomePage - INFO - Location field sucessfully located
2026-01-13 19:58:45,275 - HomePage - INFO - Location field clicked
2026-01-13 19:58:46,489 - HomePage - INFO - Sending Adiala Road to Location field.
2026-01-13 19:58:46,496 - HomePage - INFO - Waiting for the Find button to be clickable
2026-01-13 19:58:47,875 - HomePage - INFO - Find Button clicked
2026-01-13 19:59:28,532 - ResultsPage - INFO - Waiting for Cards
2026-01-13 19:59:53,502 - ResultsPage - INFO - Waiting for Cards
2026-01-13 19:59:53,534 - ResultsPage - INFO - 25 Cards Located
2026-01-13 19:59:53,538 - ResultsPage - INFO - About to loop through each card
2026-01-13 19:59:53,981 - ResultsPage - INFO - Scraped all card info
2026-01-13 19:59:54,370 - ResultsPage - INFO - Scraped all card info
2026-01-13 19:59:54,769 - ResultsPage - INFO - Scraped all card info
2026-01-13 19:59:55,594 - ResultsPage - INFO - Scraped all card info
2026-01-13 19:59:56,445 - ResultsPage - INFO - Scraped all card info
2026-01-13 19:59:57,270 - ResultsPage - INFO - Scraped all card info
2026-01-13 19:59:57,842 - ResultsPage - INFO - Scraped all card info
2026-01-13 19:59:58,323 - ResultsPage - INFO - Scraped all card info
2026-01-13 19:59:58,862 - ResultsPage - INFO - Scraped all card info
2026-01-13 19:59:59,665 - ResultsPage - INFO - Scraped all card info
2026-01-13 20:00:00,429 - ResultsPage - INFO - Scraped all card info
2026-01-13 20:00:01,177 - ResultsPage - INFO - Scraped all card info
2026-01-13 20:00:01,908 - ResultsPage - INFO - Scraped all card info
2026-01-13 20:00:02,672 - ResultsPage - INFO - Scraped all card info
2026-01-13 20:00:03,161 - ResultsPage - INFO - Scraped all card info
2026-01-13 20:00:03,940 - ResultsPage - INFO - Scraped all card info
2026-01-13 20:00:04,697 - ResultsPage - INFO - Scraped all card info
2026-01-13 20:00:05,417 - ResultsPage - INFO - Scraped all card info
2026-01-13 20:00:06,264 - ResultsPage - INFO - Scraped all card info
2026-01-13 20:00:06,751 - ResultsPage - INFO - Scraped all card info
2026-01-13 20:00:07,553 - ResultsPage - INFO - Scraped all card info
2026-01-13 20:00:08,328 - ResultsPage - INFO - Scraped all card info
2026-01-13 20:00:09,080 - ResultsPage - INFO - Scraped all card info
2026-01-13 20:00:09,845 - ResultsPage - INFO - Scraped all card info
2026-01-13 20:00:10,716 - ResultsPage - INFO - Scraped all card info
2026-01-13 20:00:10,723 - ResultsPage - INFO - Length of all_info 25
2026-01-13 20:00:10,732 - ResultsPage - INFO - Finished Scraping page
2026-01-13 20:00:10,742 - ResultsPage - INFO - Checking for availability of next page
2026-01-13 20:00:10,750 - ResultsPage - INFO - Waiting for clickability of next button
2026-01-13 20:00:10,864 - ResultsPage - INFO - Next button found
2026-01-13 20:00:12,694 - ResultsPage - ERROR - Could not click next button, trying agian.
2026-01-13 20:00:12,698 - ResultsPage - INFO - Waiting for clickability of next button
2026-01-13 20:00:12,846 - ResultsPage - INFO - Next button found
2026-01-13 20:00:14,200 - ResultsPage - INFO - Next Button clicked
2026-01-13 20:00:14,203 - ResultsPage - INFO - Moving to Page: 2
2026-01-13 20:00:14,206 - ResultsPage - INFO - Waiting for Cards
2026-01-13 20:00:17,768 - ResultsPage - INFO - 25 Cards Located
2026-01-13 20:00:17,774 - ResultsPage - INFO - About to loop through each card
2026-01-13 20:00:19,215 - ResultsPage - INFO - Scraped all card info
2026-01-13 20:00:20,458 - ResultsPage - INFO - Scraped all card info
2026-01-13 20:00:21,650 - ResultsPage - INFO - Scraped all card info
2026-01-13 20:00:22,917 - ResultsPage - INFO - Scraped all card info
2026-01-13 20:00:24,722 - ResultsPage - INFO - Scraped all card info
2026-01-13 20:00:25,803 - ResultsPage - INFO - Scraped all card info
2026-01-13 20:00:26,690 - ResultsPage - INFO - Scraped all card info
2026-01-13 20:00:27,917 - ResultsPage - INFO - Scraped all card info
2026-01-13 20:00:29,150 - ResultsPage - INFO - Scraped all card info
2026-01-13 20:00:30,266 - ResultsPage - INFO - Scraped all card info
2026-01-13 20:00:31,315 - ResultsPage - INFO - Scraped all card info
2026-01-13 20:00:32,583 - ResultsPage - INFO - Scraped all card info
2026-01-13 20:00:33,282 - ResultsPage - INFO - Scraped all card info
2026-01-13 20:00:33,969 - ResultsPage - INFO - Scraped all card info
2026-01-13 20:00:34,789 - ResultsPage - INFO - Scraped all card info
2026-01-13 20:00:35,227 - ResultsPage - INFO - Scraped all card info
2026-01-13 20:00:35,887 - ResultsPage - INFO - Scraped all card info
2026-01-13 20:00:36,320 - ResultsPage - INFO - Scraped all card info
2026-01-13 20:00:36,779 - ResultsPage - INFO - Scraped all card info
2026-01-13 20:00:37,225 - ResultsPage - INFO - Scraped all card info
2026-01-13 20:00:37,760 - ResultsPage - INFO - Scraped all card info
2026-01-13 20:00:38,394 - ResultsPage - INFO - Scraped all card info
2026-01-13 20:00:38,917 - ResultsPage - INFO - Scraped all card info
2026-01-13 20:00:39,348 - ResultsPage - INFO - Scraped all card info
2026-01-13 20:00:40,036 - ResultsPage - INFO - Scraped all card info
2026-01-13 20:00:40,040 - ResultsPage - INFO - Length of all_info 50
2026-01-13 20:00:40,041 - ResultsPage - INFO - Finished Scraping page
2026-01-13 20:00:40,043 - ResultsPage - INFO - Checking for availability of next page
2026-01-13 20:00:40,044 - ResultsPage - INFO - Waiting for clickability of next button
2026-01-13 20:00:40,105 - ResultsPage - INFO - Next button found
2026-01-13 20:00:41,036 - ResultsPage - INFO - Next Button clicked
2026-01-13 20:00:41,038 - ResultsPage - INFO - Moving to Page: 3
2026-01-13 20:00:41,041 - ResultsPage - INFO - Waiting for Cards
2026-01-13 20:00:44,095 - ResultsPage - INFO - 25 Cards Located
2026-01-13 20:00:44,099 - ResultsPage - INFO - About to loop through each card
2026-01-13 20:00:44,918 - ResultsPage - INFO - Scraped all card info
2026-01-13 20:00:45,667 - ResultsPage - INFO - Scraped all card info
2026-01-13 20:00:46,333 - ResultsPage - INFO - Scraped all card info
2026-01-13 20:00:46,945 - ResultsPage - INFO - Scraped all card info
2026-01-13 20:00:47,698 - ResultsPage - INFO - Scraped all card info
2026-01-13 20:00:48,337 - ResultsPage - INFO - Scraped all card info
2026-01-13 20:00:49,074 - ResultsPage - INFO - Scraped all card info
2026-01-13 20:00:49,814 - ResultsPage - INFO - Scraped all card info
2026-01-13 20:00:50,533 - ResultsPage - INFO - Scraped all card info
2026-01-13 20:00:51,317 - ResultsPage - INFO - Scraped all card info
2026-01-13 20:00:52,075 - ResultsPage - INFO - Scraped all card info
2026-01-13 20:00:52,789 - ResultsPage - INFO - Scraped all card info
2026-01-13 20:00:53,522 - ResultsPage - INFO - Scraped all card info
2026-01-13 20:00:53,906 - ResultsPage - INFO - Scraped all card info
2026-01-13 20:00:54,299 - ResultsPage - INFO - Scraped all card info
2026-01-13 20:00:54,639 - ResultsPage - INFO - Scraped all card info
2026-01-13 20:00:55,040 - ResultsPage - INFO - Scraped all card info
2026-01-13 20:00:55,427 - ResultsPage - INFO - Scraped all card info
2026-01-13 20:00:55,855 - ResultsPage - INFO - Scraped all card info
2026-01-13 20:00:56,326 - ResultsPage - INFO - Scraped all card info
2026-01-13 20:00:56,798 - ResultsPage - INFO - Scraped all card info
2026-01-13 20:00:57,285 - ResultsPage - INFO - Scraped all card info
2026-01-13 20:00:57,724 - ResultsPage - INFO - Scraped all card info
2026-01-13 20:00:58,122 - ResultsPage - INFO - Scraped all card info
2026-01-13 20:00:58,514 - ResultsPage - INFO - Scraped all card info
2026-01-13 20:00:58,516 - ResultsPage - INFO - Length of all_info 75
2026-01-13 20:00:58,517 - ResultsPage - INFO - Finished Scraping page
2026-01-13 20:00:58,519 - ResultsPage - INFO - Checking for availability of next page
2026-01-13 20:00:58,521 - ResultsPage - INFO - Waiting for clickability of next button
2026-01-13 20:00:58,593 - ResultsPage - INFO - Next button found
2026-01-13 20:00:59,276 - ResultsPage - INFO - Next Button clicked
2026-01-13 20:00:59,279 - ResultsPage - INFO - Moving to Page: 4
2026-01-13 20:00:59,283 - ResultsPage - INFO - Waiting for Cards
2026-01-13 20:01:02,761 - ResultsPage - INFO - 25 Cards Located
2026-01-13 20:01:02,763 - ResultsPage - INFO - About to loop through each card
2026-01-13 20:01:03,244 - ResultsPage - INFO - Scraped all card info
2026-01-13 20:01:03,748 - ResultsPage - INFO - Scraped all card info
2026-01-13 20:01:04,467 - ResultsPage - INFO - Scraped all card info
2026-01-13 20:01:05,096 - ResultsPage - INFO - Scraped all card info
2026-01-13 20:01:05,737 - ResultsPage - INFO - Scraped all card info
2026-01-13 20:01:06,235 - ResultsPage - INFO - Scraped all card info
2026-01-13 20:01:06,634 - ResultsPage - INFO - Scraped all card info
2026-01-13 20:01:07,035 - ResultsPage - INFO - Scraped all card info
2026-01-13 20:01:07,426 - ResultsPage - INFO - Scraped all card info
2026-01-13 20:01:08,005 - ResultsPage - INFO - Scraped all card info
2026-01-13 20:01:08,633 - ResultsPage - INFO - Scraped all card info
2026-01-13 20:01:09,289 - ResultsPage - INFO - Scraped all card info
2026-01-13 20:01:10,112 - ResultsPage - INFO - Scraped all card info
2026-01-13 20:01:10,857 - ResultsPage - INFO - Scraped all card info
2026-01-13 20:01:11,573 - ResultsPage - INFO - Scraped all card info
2026-01-13 20:01:12,408 - ResultsPage - INFO - Scraped all card info
2026-01-13 20:01:13,255 - ResultsPage - INFO - Scraped all card info
2026-01-13 20:01:14,067 - ResultsPage - INFO - Scraped all card info
2026-01-13 20:01:14,811 - ResultsPage - INFO - Scraped all card info
2026-01-13 20:01:15,623 - ResultsPage - INFO - Scraped all card info
2026-01-13 20:01:16,348 - ResultsPage - INFO - Scraped all card info
2026-01-13 20:01:17,239 - ResultsPage - INFO - Scraped all card info
2026-01-13 20:01:17,720 - ResultsPage - INFO - Scraped all card info
2026-01-13 20:01:18,202 - ResultsPage - INFO - Scraped all card info
2026-01-13 20:01:18,757 - ResultsPage - INFO - Scraped all card info
2026-01-13 20:01:18,759 - ResultsPage - INFO - Length of all_info 100
2026-01-13 20:01:18,762 - ResultsPage - INFO - Finished Scraping page
2026-01-13 20:01:18,766 - ResultsPage - INFO - Checking for availability of next page
2026-01-13 20:01:18,769 - ResultsPage - INFO - Waiting for clickability of next button
2026-01-13 20:01:18,874 - ResultsPage - INFO - Next button found
2026-01-13 20:01:19,885 - ResultsPage - INFO - Next Button clicked
2026-01-13 20:01:19,888 - ResultsPage - INFO - Moving to Page: 5
2026-01-13 20:01:19,890 - ResultsPage - INFO - Waiting for Cards
2026-01-13 20:01:22,111 - ResultsPage - INFO - 25 Cards Located
2026-01-13 20:01:22,113 - ResultsPage - INFO - About to loop through each card
2026-01-13 20:01:22,524 - ResultsPage - INFO - Scraped all card info
2026-01-13 20:01:23,074 - ResultsPage - INFO - Scraped all card info
2026-01-13 20:01:23,681 - ResultsPage - INFO - Scraped all card info
2026-01-13 20:01:24,429 - ResultsPage - INFO - Scraped all card info
2026-01-13 20:01:25,075 - ResultsPage - INFO - Scraped all card info
2026-01-13 20:01:25,652 - ResultsPage - INFO - Scraped all card info
2026-01-13 20:01:26,209 - ResultsPage - INFO - Scraped all card info
2026-01-13 20:01:26,572 - ResultsPage - INFO - Scraped all card info
2026-01-13 20:01:26,993 - ResultsPage - INFO - Scraped all card info
2026-01-13 20:01:27,397 - ResultsPage - INFO - Scraped all card info
2026-01-13 20:01:27,806 - ResultsPage - INFO - Scraped all card info
2026-01-13 20:01:28,295 - ResultsPage - INFO - Scraped all card info
2026-01-13 20:01:28,738 - ResultsPage - INFO - Scraped all card info
2026-01-13 20:01:29,229 - ResultsPage - INFO - Scraped all card info
2026-01-13 20:01:29,681 - ResultsPage - INFO - Scraped all card info
2026-01-13 20:01:30,245 - ResultsPage - INFO - Scraped all card info
2026-01-13 20:01:30,786 - ResultsPage - INFO - Scraped all card info
2026-01-13 20:01:31,231 - ResultsPage - INFO - Scraped all card info
2026-01-13 20:01:31,684 - ResultsPage - INFO - Scraped all card info
2026-01-13 20:01:32,190 - ResultsPage - INFO - Scraped all card info
2026-01-13 20:01:32,641 - ResultsPage - INFO - Scraped all card info
2026-01-13 20:01:33,209 - ResultsPage - INFO - Scraped all card info
2026-01-13 20:01:33,602 - ResultsPage - INFO - Scraped all card info
2026-01-13 20:01:34,172 - ResultsPage - INFO - Scraped all card info
2026-01-13 20:01:34,843 - ResultsPage - INFO - Scraped all card info
2026-01-13 20:01:34,846 - ResultsPage - INFO - Length of all_info 125
2026-01-13 20:01:34,848 - ResultsPage - INFO - Finished Scraping page
2026-01-13 20:01:34,852 - ResultsPage - INFO - Checking for availability of next page
2026-01-13 20:01:34,856 - ResultsPage - INFO - Waiting for clickability of next button
2026-01-13 20:01:34,957 - ResultsPage - INFO - Next button found
2026-01-13 20:01:36,494 - ResultsPage - INFO - Next Button clicked
2026-01-13 20:01:36,497 - ResultsPage - INFO - Moving to Page: 6
2026-01-13 20:01:36,503 - ResultsPage - INFO - Waiting for Cards
2026-01-13 20:01:39,991 - ResultsPage - INFO - 25 Cards Located
2026-01-13 20:01:39,993 - ResultsPage - INFO - About to loop through each card
2026-01-13 20:01:40,406 - ResultsPage - INFO - Scraped all card info
2026-01-13 20:01:40,840 - ResultsPage - INFO - Scraped all card info
2026-01-13 20:01:41,314 - ResultsPage - INFO - Scraped all card info
2026-01-13 20:01:42,268 - ResultsPage - INFO - Scraped all card info
2026-01-13 20:01:43,285 - ResultsPage - INFO - Scraped all card info
2026-01-13 20:01:44,097 - ResultsPage - INFO - Scraped all card info
2026-01-13 20:01:44,833 - ResultsPage - INFO - Scraped all card info
2026-01-13 20:01:45,464 - ResultsPage - INFO - Scraped all card info
2026-01-13 20:01:46,266 - ResultsPage - INFO - Scraped all card info
2026-01-13 20:01:47,035 - ResultsPage - INFO - Scraped all card info
2026-01-13 20:01:47,745 - ResultsPage - INFO - Scraped all card info
2026-01-13 20:01:48,353 - ResultsPage - INFO - Scraped all card info
2026-01-13 20:01:48,911 - ResultsPage - INFO - Scraped all card info
2026-01-13 20:01:49,605 - ResultsPage - INFO - Scraped all card info
2026-01-13 20:01:50,390 - ResultsPage - INFO - Scraped all card info
2026-01-13 20:01:51,203 - ResultsPage - INFO - Scraped all card info
2026-01-13 20:01:51,972 - ResultsPage - INFO - Scraped all card info
2026-01-13 20:01:52,723 - ResultsPage - INFO - Scraped all card info
2026-01-13 20:01:53,507 - ResultsPage - INFO - Scraped all card info
2026-01-13 20:01:54,376 - ResultsPage - INFO - Scraped all card info
2026-01-13 20:01:55,172 - ResultsPage - INFO - Scraped all card info
2026-01-13 20:01:55,907 - ResultsPage - INFO - Scraped all card info
2026-01-13 20:01:56,815 - ResultsPage - INFO - Scraped all card info
2026-01-13 20:01:57,570 - ResultsPage - INFO - Scraped all card info
2026-01-13 20:01:58,358 - ResultsPage - INFO - Scraped all card info
2026-01-13 20:01:58,361 - ResultsPage - INFO - Length of all_info 150
2026-01-13 20:01:58,364 - ResultsPage - INFO - Finished Scraping page
2026-01-13 20:01:58,368 - ResultsPage - INFO - Checking for availability of next page
2026-01-13 20:01:58,374 - ResultsPage - INFO - Waiting for clickability of next button
2026-01-13 20:01:58,487 - ResultsPage - INFO - Next button found
2026-01-13 20:02:00,819 - ResultsPage - ERROR - Could not click next button, trying agian.
2026-01-13 20:02:00,822 - ResultsPage - INFO - Waiting for clickability of next button
2026-01-13 20:02:01,092 - ResultsPage - INFO - Next button found
2026-01-13 20:02:02,222 - ResultsPage - INFO - Next Button clicked
2026-01-13 20:02:02,226 - ResultsPage - INFO - Moving to Page: 7
2026-01-13 20:02:02,233 - ResultsPage - INFO - Waiting for Cards
2026-01-13 20:02:07,616 - ResultsPage - INFO - 25 Cards Located
2026-01-13 20:02:07,618 - ResultsPage - INFO - About to loop through each card
2026-01-13 20:02:09,778 - ResultsPage - INFO - Scraped all card info
2026-01-13 20:02:10,656 - ResultsPage - INFO - Scraped all card info
2026-01-13 20:02:11,264 - ResultsPage - INFO - Scraped all card info
2026-01-13 20:02:12,003 - ResultsPage - INFO - Scraped all card info
2026-01-13 20:02:12,952 - ResultsPage - INFO - Scraped all card info
2026-01-13 20:02:13,895 - ResultsPage - INFO - Scraped all card info
2026-01-13 20:02:14,524 - ResultsPage - INFO - Scraped all card info
2026-01-13 20:02:15,152 - ResultsPage - INFO - Scraped all card info
2026-01-13 20:02:15,792 - ResultsPage - INFO - Scraped all card info
2026-01-13 20:02:16,471 - ResultsPage - INFO - Scraped all card info
2026-01-13 20:02:17,098 - ResultsPage - INFO - Scraped all card info
2026-01-13 20:02:17,719 - ResultsPage - INFO - Scraped all card info
2026-01-13 20:02:18,343 - ResultsPage - INFO - Scraped all card info
2026-01-13 20:02:18,992 - ResultsPage - INFO - Scraped all card info
2026-01-13 20:02:19,750 - ResultsPage - INFO - Scraped all card info
2026-01-13 20:02:20,495 - ResultsPage - INFO - Scraped all card info
2026-01-13 20:02:21,207 - ResultsPage - INFO - Scraped all card info
2026-01-13 20:02:21,915 - ResultsPage - INFO - Scraped all card info
2026-01-13 20:02:22,617 - ResultsPage - INFO - Scraped all card info
2026-01-13 20:02:23,731 - ResultsPage - INFO - Scraped all card info
2026-01-13 20:02:24,442 - ResultsPage - INFO - Scraped all card info
2026-01-13 20:02:25,143 - ResultsPage - INFO - Scraped all card info
2026-01-13 20:02:25,837 - ResultsPage - INFO - Scraped all card info
2026-01-13 20:02:26,533 - ResultsPage - INFO - Scraped all card info
2026-01-13 20:02:27,285 - ResultsPage - INFO - Scraped all card info
2026-01-13 20:02:27,288 - ResultsPage - INFO - Length of all_info 175
2026-01-13 20:02:27,293 - ResultsPage - INFO - Finished Scraping page
2026-01-13 20:02:27,297 - ResultsPage - INFO - Checking for availability of next page
2026-01-13 20:02:27,304 - ResultsPage - INFO - Waiting for clickability of next button
2026-01-13 20:02:27,444 - ResultsPage - INFO - Next button found
2026-01-13 20:02:29,579 - ResultsPage - ERROR - Could not click next button, trying agian.
2026-01-13 20:02:29,582 - ResultsPage - INFO - Waiting for clickability of next button
2026-01-13 20:02:29,688 - ResultsPage - INFO - Next button found
2026-01-13 20:02:31,011 - ResultsPage - INFO - Next Button clicked
2026-01-13 20:02:31,015 - ResultsPage - INFO - Moving to Page: 8
2026-01-13 20:02:31,020 - ResultsPage - INFO - Waiting for Cards
2026-01-13 20:02:33,520 - ResultsPage - INFO - 25 Cards Located
2026-01-13 20:02:33,522 - ResultsPage - INFO - About to loop through each card
2026-01-13 20:02:33,898 - ResultsPage - INFO - Scraped all card info
2026-01-13 20:02:34,290 - ResultsPage - INFO - Scraped all card info
2026-01-13 20:02:35,207 - ResultsPage - INFO - Scraped all card info
2026-01-13 20:02:35,923 - ResultsPage - INFO - Scraped all card info
2026-01-13 20:02:36,627 - ResultsPage - INFO - Scraped all card info
2026-01-13 20:02:37,580 - ResultsPage - INFO - Scraped all card info
2026-01-13 20:02:38,441 - ResultsPage - INFO - Scraped all card info
2026-01-13 20:02:39,167 - ResultsPage - INFO - Scraped all card info
2026-01-13 20:02:39,929 - ResultsPage - INFO - Scraped all card info
2026-01-13 20:02:40,745 - ResultsPage - INFO - Scraped all card info
2026-01-13 20:02:41,751 - ResultsPage - INFO - Scraped all card info
2026-01-13 20:02:42,424 - ResultsPage - INFO - Scraped all card info
2026-01-13 20:02:43,049 - ResultsPage - INFO - Scraped all card info
2026-01-13 20:02:43,433 - ResultsPage - INFO - Scraped all card info
2026-01-13 20:02:43,835 - ResultsPage - INFO - Scraped all card info
2026-01-13 20:02:44,224 - ResultsPage - INFO - Scraped all card info
2026-01-13 20:02:44,602 - ResultsPage - INFO - Scraped all card info
2026-01-13 20:02:44,989 - ResultsPage - INFO - Scraped all card info
2026-01-13 20:02:45,408 - ResultsPage - INFO - Scraped all card info
2026-01-13 20:02:45,848 - ResultsPage - INFO - Scraped all card info
2026-01-13 20:02:46,238 - ResultsPage - INFO - Scraped all card info
2026-01-13 20:02:46,657 - ResultsPage - INFO - Scraped all card info
2026-01-13 20:02:47,249 - ResultsPage - INFO - Scraped all card info
2026-01-13 20:02:47,650 - ResultsPage - INFO - Scraped all card info
2026-01-13 20:02:48,050 - ResultsPage - INFO - Scraped all card info
2026-01-13 20:02:48,052 - ResultsPage - INFO - Length of all_info 200
2026-01-13 20:02:48,053 - ResultsPage - INFO - Finished Scraping page
2026-01-13 20:02:48,055 - ResultsPage - INFO - Checking for availability of next page
2026-01-13 20:02:48,058 - ResultsPage - INFO - Waiting for clickability of next button
2026-01-13 20:02:48,120 - ResultsPage - INFO - Next button found
2026-01-13 20:02:49,381 - ResultsPage - INFO - Next Button clicked
2026-01-13 20:02:49,385 - ResultsPage - INFO - Moving to Page: 9
2026-01-13 20:02:49,400 - ResultsPage - INFO - Waiting for Cards
2026-01-13 20:02:51,663 - ResultsPage - INFO - 25 Cards Located
2026-01-13 20:02:51,667 - ResultsPage - INFO - About to loop through each card
2026-01-13 20:02:52,522 - ResultsPage - INFO - Scraped all card info
2026-01-13 20:02:53,401 - ResultsPage - INFO - Scraped all card info
2026-01-13 20:02:54,142 - ResultsPage - INFO - Scraped all card info
2026-01-13 20:02:54,874 - ResultsPage - INFO - Scraped all card info
2026-01-13 20:02:55,597 - ResultsPage - INFO - Scraped all card info
2026-01-13 20:02:56,335 - ResultsPage - INFO - Scraped all card info
2026-01-13 20:02:57,124 - ResultsPage - INFO - Scraped all card info
2026-01-13 20:02:57,850 - ResultsPage - INFO - Scraped all card info
2026-01-13 20:02:58,576 - ResultsPage - INFO - Scraped all card info
2026-01-13 20:02:59,311 - ResultsPage - INFO - Scraped all card info
2026-01-13 20:03:00,094 - ResultsPage - INFO - Scraped all card info
2026-01-13 20:03:00,866 - ResultsPage - INFO - Scraped all card info
2026-01-13 20:03:01,609 - ResultsPage - INFO - Scraped all card info
2026-01-13 20:03:02,323 - ResultsPage - INFO - Scraped all card info
2026-01-13 20:03:03,038 - ResultsPage - INFO - Scraped all card info
2026-01-13 20:03:03,778 - ResultsPage - INFO - Scraped all card info
2026-01-13 20:03:04,531 - ResultsPage - INFO - Scraped all card info
2026-01-13 20:03:05,250 - ResultsPage - INFO - Scraped all card info
2026-01-13 20:03:05,983 - ResultsPage - INFO - Scraped all card info
2026-01-13 20:03:06,723 - ResultsPage - INFO - Scraped all card info
2026-01-13 20:03:07,458 - ResultsPage - INFO - Scraped all card info
2026-01-13 20:03:08,291 - ResultsPage - INFO - Scraped all card info
2026-01-13 20:03:09,296 - ResultsPage - INFO - Scraped all card info
2026-01-13 20:03:10,127 - ResultsPage - INFO - Scraped all card info
2026-01-13 20:03:10,861 - ResultsPage - INFO - Scraped all card info
2026-01-13 20:03:10,864 - ResultsPage - INFO - Length of all_info 225
2026-01-13 20:03:10,867 - ResultsPage - INFO - Finished Scraping page
2026-01-13 20:03:10,871 - ResultsPage - INFO - Checking for availability of next page
2026-01-13 20:03:10,879 - ResultsPage - INFO - Waiting for clickability of next button
2026-01-13 20:03:11,112 - ResultsPage - INFO - Next button found
2026-01-13 20:03:12,431 - ResultsPage - INFO - Next Button clicked
2026-01-13 20:03:12,433 - ResultsPage - INFO - Moving to Page: 10
2026-01-13 20:03:12,436 - ResultsPage - INFO - Waiting for Cards
2026-01-13 20:03:14,952 - ResultsPage - INFO - 25 Cards Located
2026-01-13 20:03:14,954 - ResultsPage - INFO - About to loop through each card
2026-01-13 20:03:15,362 - ResultsPage - INFO - Scraped all card info
2026-01-13 20:03:16,070 - ResultsPage - INFO - Scraped all card info
2026-01-13 20:03:16,853 - ResultsPage - INFO - Scraped all card info
2026-01-13 20:03:17,797 - ResultsPage - INFO - Scraped all card info
2026-01-13 20:03:18,695 - ResultsPage - INFO - Scraped all card info
2026-01-13 20:03:19,482 - ResultsPage - INFO - Scraped all card info
2026-01-13 20:03:20,239 - ResultsPage - INFO - Scraped all card info
2026-01-13 20:03:21,028 - ResultsPage - INFO - Scraped all card info
2026-01-13 20:03:21,711 - ResultsPage - INFO - Scraped all card info
2026-01-13 20:03:22,471 - ResultsPage - INFO - Scraped all card info
2026-01-13 20:03:23,310 - ResultsPage - INFO - Scraped all card info
2026-01-13 20:03:23,932 - ResultsPage - INFO - Scraped all card info
2026-01-13 20:03:24,574 - ResultsPage - INFO - Scraped all card info
2026-01-13 20:03:24,992 - ResultsPage - INFO - Scraped all card info
2026-01-13 20:03:25,414 - ResultsPage - INFO - Scraped all card info
2026-01-13 20:03:25,843 - ResultsPage - INFO - Scraped all card info
2026-01-13 20:03:26,352 - ResultsPage - INFO - Scraped all card info
2026-01-13 20:03:26,752 - ResultsPage - INFO - Scraped all card info
2026-01-13 20:03:27,154 - ResultsPage - INFO - Scraped all card info
2026-01-13 20:03:27,553 - ResultsPage - INFO - Scraped all card info
2026-01-13 20:03:27,990 - ResultsPage - INFO - Scraped all card info
2026-01-13 20:03:28,588 - ResultsPage - INFO - Scraped all card info
2026-01-13 20:03:29,268 - ResultsPage - INFO - Scraped all card info
2026-01-13 20:03:29,964 - ResultsPage - INFO - Scraped all card info
2026-01-13 20:03:30,519 - ResultsPage - INFO - Scraped all card info
2026-01-13 20:03:30,520 - ResultsPage - INFO - Length of all_info 250
2026-01-13 20:03:30,523 - ResultsPage - INFO - Finished Scraping page
2026-01-13 20:03:30,526 - ResultsPage - INFO - Checking for availability of next page
2026-01-13 20:03:30,527 - ResultsPage - INFO - Waiting for clickability of next button
2026-01-13 20:03:30,599 - ResultsPage - INFO - Next button found
2026-01-13 20:03:31,602 - ResultsPage - INFO - Next Button clicked
2026-01-13 20:03:31,604 - ResultsPage - INFO - Moving to Page: 11
2026-01-13 20:03:31,609 - ResultsPage - INFO - Waiting for Cards
2026-01-13 20:03:35,445 - ResultsPage - INFO - 25 Cards Located
2026-01-13 20:03:35,447 - ResultsPage - INFO - About to loop through each card
2026-01-13 20:03:35,861 - ResultsPage - INFO - Scraped all card info
2026-01-13 20:03:36,378 - ResultsPage - INFO - Scraped all card info
2026-01-13 20:03:37,169 - ResultsPage - INFO - Scraped all card info
2026-01-13 20:03:37,962 - ResultsPage - INFO - Scraped all card info
2026-01-13 20:03:38,713 - ResultsPage - INFO - Scraped all card info
2026-01-13 20:03:39,473 - ResultsPage - INFO - Scraped all card info
2026-01-13 20:03:40,207 - ResultsPage - INFO - Scraped all card info
2026-01-13 20:03:41,005 - ResultsPage - INFO - Scraped all card info
2026-01-13 20:03:41,771 - ResultsPage - INFO - Scraped all card info
2026-01-13 20:03:42,511 - ResultsPage - INFO - Scraped all card info
2026-01-13 20:03:43,243 - ResultsPage - INFO - Scraped all card info
2026-01-13 20:03:43,980 - ResultsPage - INFO - Scraped all card info
2026-01-13 20:03:44,776 - ResultsPage - INFO - Scraped all card info
2026-01-13 20:03:45,527 - ResultsPage - INFO - Scraped all card info
2026-01-13 20:03:46,254 - ResultsPage - INFO - Scraped all card info
2026-01-13 20:03:46,990 - ResultsPage - INFO - Scraped all card info
2026-01-13 20:03:47,701 - ResultsPage - INFO - Scraped all card info
2026-01-13 20:03:48,521 - ResultsPage - INFO - Scraped all card info
2026-01-13 20:03:49,266 - ResultsPage - INFO - Scraped all card info
2026-01-13 20:03:50,019 - ResultsPage - INFO - Scraped all card info
2026-01-13 20:03:50,682 - ResultsPage - INFO - Scraped all card info
2026-01-13 20:03:51,346 - ResultsPage - INFO - Scraped all card info
2026-01-13 20:03:52,150 - ResultsPage - INFO - Scraped all card info
2026-01-13 20:03:52,893 - ResultsPage - INFO - Scraped all card info
2026-01-13 20:03:53,616 - ResultsPage - INFO - Scraped all card info
2026-01-13 20:03:53,621 - ResultsPage - INFO - Length of all_info 275
2026-01-13 20:03:53,625 - ResultsPage - INFO - Finished Scraping page
2026-01-13 20:03:53,632 - ResultsPage - INFO - Checking for availability of next page
2026-01-13 20:03:53,638 - ResultsPage - INFO - Waiting for clickability of next button
2026-01-13 20:03:53,754 - ResultsPage - INFO - Next button found
2026-01-13 20:03:55,725 - ResultsPage - INFO - Next Button clicked
2026-01-13 20:03:55,729 - ResultsPage - INFO - Moving to Page: 12
2026-01-13 20:03:55,732 - ResultsPage - INFO - Waiting for Cards
2026-01-13 20:03:58,104 - ResultsPage - INFO - 25 Cards Located
2026-01-13 20:03:58,106 - ResultsPage - INFO - About to loop through each card
2026-01-13 20:03:58,609 - ResultsPage - INFO - Scraped all card info
2026-01-13 20:03:59,403 - ResultsPage - INFO - Scraped all card info
2026-01-13 20:04:00,217 - ResultsPage - INFO - Scraped all card info
2026-01-13 20:04:01,066 - ResultsPage - INFO - Scraped all card info
2026-01-13 20:04:01,757 - ResultsPage - INFO - Scraped all card info
2026-01-13 20:04:02,537 - ResultsPage - INFO - Scraped all card info
2026-01-13 20:04:03,258 - ResultsPage - INFO - Scraped all card info
2026-01-13 20:04:03,949 - ResultsPage - INFO - Scraped all card info
2026-01-13 20:04:04,766 - ResultsPage - INFO - Scraped all card info
2026-01-13 20:04:05,584 - ResultsPage - INFO - Scraped all card info
2026-01-13 20:04:06,366 - ResultsPage - INFO - Scraped all card info
2026-01-13 20:04:07,181 - ResultsPage - INFO - Scraped all card info
2026-01-13 20:04:07,942 - ResultsPage - INFO - Scraped all card info
2026-01-13 20:04:08,693 - ResultsPage - INFO - Scraped all card info
2026-01-13 20:04:09,442 - ResultsPage - INFO - Scraped all card info
2026-01-13 20:04:10,254 - ResultsPage - INFO - Scraped all card info
2026-01-13 20:04:11,219 - ResultsPage - INFO - Scraped all card info
2026-01-13 20:04:11,915 - ResultsPage - INFO - Scraped all card info
2026-01-13 20:04:12,665 - ResultsPage - INFO - Scraped all card info
2026-01-13 20:04:13,421 - ResultsPage - INFO - Scraped all card info
2026-01-13 20:04:14,245 - ResultsPage - INFO - Scraped all card info
2026-01-13 20:04:15,027 - ResultsPage - INFO - Scraped all card info
2026-01-13 20:04:15,841 - ResultsPage - INFO - Scraped all card info
2026-01-13 20:04:16,610 - ResultsPage - INFO - Scraped all card info
2026-01-13 20:04:17,379 - ResultsPage - INFO - Scraped all card info
2026-01-13 20:04:17,382 - ResultsPage - INFO - Length of all_info 300
2026-01-13 20:04:17,389 - ResultsPage - INFO - Finished Scraping page
2026-01-13 20:04:17,396 - ResultsPage - INFO - Checking for availability of next page
2026-01-13 20:04:17,401 - ResultsPage - INFO - Waiting for clickability of next button
2026-01-13 20:04:17,584 - ResultsPage - INFO - Next button found
2026-01-13 20:04:18,909 - ResultsPage - INFO - Next Button clicked
2026-01-13 20:04:18,914 - ResultsPage - INFO - Moving to Page: 13
2026-01-13 20:04:18,919 - ResultsPage - INFO - Waiting for Cards
2026-01-13 20:04:22,024 - ResultsPage - INFO - 25 Cards Located
2026-01-13 20:04:22,026 - ResultsPage - INFO - About to loop through each card
2026-01-13 20:04:22,717 - ResultsPage - INFO - Scraped all card info
2026-01-13 20:04:23,464 - ResultsPage - INFO - Scraped all card info
2026-01-13 20:04:24,251 - ResultsPage - INFO - Scraped all card info
2026-01-13 20:04:25,058 - ResultsPage - INFO - Scraped all card info
2026-01-13 20:04:25,818 - ResultsPage - INFO - Scraped all card info
2026-01-13 20:04:26,673 - ResultsPage - INFO - Scraped all card info
2026-01-13 20:04:27,450 - ResultsPage - INFO - Scraped all card info
2026-01-13 20:04:28,204 - ResultsPage - INFO - Scraped all card info
2026-01-13 20:04:29,006 - ResultsPage - INFO - Scraped all card info
2026-01-13 20:04:29,803 - ResultsPage - INFO - Scraped all card info
2026-01-13 20:04:30,567 - ResultsPage - INFO - Scraped all card info
2026-01-13 20:04:31,486 - ResultsPage - INFO - Scraped all card info
2026-01-13 20:04:32,226 - ResultsPage - INFO - Scraped all card info
2026-01-13 20:04:33,250 - ResultsPage - INFO - Scraped all card info
2026-01-13 20:04:34,083 - ResultsPage - INFO - Scraped all card info
2026-01-13 20:04:34,931 - ResultsPage - INFO - Scraped all card info
2026-01-13 20:04:36,096 - ResultsPage - INFO - Scraped all card info
2026-01-13 20:04:36,807 - ResultsPage - INFO - Scraped all card info
2026-01-13 20:04:37,527 - ResultsPage - INFO - Scraped all card info
2026-01-13 20:04:38,286 - ResultsPage - INFO - Scraped all card info
2026-01-13 20:04:39,051 - ResultsPage - INFO - Scraped all card info
2026-01-13 20:04:39,580 - ResultsPage - INFO - Scraped all card info
2026-01-13 20:04:40,034 - ResultsPage - INFO - Scraped all card info
2026-01-13 20:04:40,493 - ResultsPage - INFO - Scraped all card info
2026-01-13 20:04:40,948 - ResultsPage - INFO - Scraped all card info
2026-01-13 20:04:40,951 - ResultsPage - INFO - Length of all_info 325
2026-01-13 20:04:40,954 - ResultsPage - INFO - Finished Scraping page
2026-01-13 20:04:40,956 - ResultsPage - INFO - Checking for availability of next page
2026-01-13 20:04:40,960 - ResultsPage - INFO - Waiting for clickability of next button
2026-01-13 20:04:41,031 - ResultsPage - INFO - Next button found
2026-01-13 20:04:41,960 - ResultsPage - INFO - Next Button clicked
2026-01-13 20:04:41,965 - ResultsPage - INFO - Moving to Page: 14
2026-01-13 20:04:41,970 - ResultsPage - INFO - Waiting for Cards
2026-01-13 20:04:43,335 - ResultsPage - INFO - 3 Cards Located
2026-01-13 20:04:43,338 - ResultsPage - INFO - About to loop through each card
2026-01-13 20:04:44,166 - ResultsPage - INFO - Scraped all card info
2026-01-13 20:04:44,971 - ResultsPage - INFO - Scraped all card info
2026-01-13 20:04:45,736 - ResultsPage - INFO - Scraped all card info
2026-01-13 20:04:45,739 - ResultsPage - INFO - Length of all_info 328
2026-01-13 20:04:45,742 - ResultsPage - INFO - Finished Scraping page
2026-01-13 20:04:45,747 - ResultsPage - INFO - Checking for availability of next page
2026-01-13 20:04:45,755 - ResultsPage - INFO - Waiting for clickability of next button
2026-01-13 20:04:56,230 - ResultsPage - INFO - No more pages
2026-01-13 20:28:20,976 - __main__ - INFO - Launching Browser
2026-01-13 20:28:40,489 - HomePage - INFO - Waiting for visibility of city_field
2026-01-13 20:28:40,906 - HomePage - INFO - City field sucessfully located
2026-01-13 20:32:40,261 - __main__ - INFO - Launching Browser
2026-01-13 20:32:52,170 - HomePage - INFO - Waiting for visibility of city_field
2026-01-13 20:32:52,226 - HomePage - INFO - City field sucessfully located
2026-01-13 20:32:52,478 - HomePage - INFO - City field sucessfully clicked
2026-01-13 20:32:58,732 - HomePage - INFO - City Buttons located in the dropdown box
2026-01-13 20:32:58,733 - HomePage - INFO - Number of City Buttons located 228
2026-01-13 20:32:58,733 - HomePage - INFO - Looking through the city buttons
2026-01-13 20:32:58,826 - HomePage - INFO - Found city, rawalpindi, rawalpindi
2026-01-13 20:32:59,108 - HomePage - INFO - City selected
2026-01-13 20:32:59,109 - HomePage - INFO - Waiting for visibility of Location field
2026-01-13 20:32:59,224 - HomePage - INFO - Location field sucessfully located
2026-01-13 20:32:59,715 - HomePage - INFO - Location field clicked
2026-01-13 20:33:00,732 - HomePage - INFO - Sending Airport Housing Society to Location field.
2026-01-13 20:33:00,734 - HomePage - INFO - Waiting for the Find button to be clickable
2026-01-13 20:33:01,571 - HomePage - INFO - Find Button clicked
2026-01-13 20:33:01,574 - ResultsPage - INFO - Waiting for Cards
2026-01-13 20:33:04,774 - ResultsPage - INFO - 25 Cards Located
2026-01-13 20:33:04,775 - ResultsPage - INFO - About to loop through each card
2026-01-13 20:33:18,175 - ResultsPage - INFO - Length of all_info 25
2026-01-13 20:33:18,176 - ResultsPage - INFO - Finished Scraping page
2026-01-13 20:33:18,176 - ResultsPage - INFO - Checking for availability of next page
2026-01-13 20:33:18,177 - ResultsPage - INFO - Waiting for clickability of next button
2026-01-13 20:33:18,241 - ResultsPage - INFO - Next button found
2026-01-13 20:33:19,910 - ResultsPage - ERROR - Could not click next button, trying agian.
2026-01-13 20:33:19,912 - ResultsPage - INFO - Waiting for clickability of next button
2026-01-13 20:33:19,974 - ResultsPage - INFO - Next button found
2026-01-13 20:33:21,403 - ResultsPage - ERROR - Could not click next button, trying agian.
2026-01-13 20:33:21,404 - ResultsPage - INFO - Waiting for clickability of next button
2026-01-13 20:33:21,463 - ResultsPage - INFO - Next button found
2026-01-13 20:33:22,114 - ResultsPage - INFO - Next Button clicked
2026-01-13 20:33:22,115 - ResultsPage - INFO - Moving to Page: 2
2026-01-13 20:33:22,116 - ResultsPage - INFO - Waiting for Cards
2026-01-13 20:33:24,463 - ResultsPage - INFO - 25 Cards Located
2026-01-13 20:33:24,465 - ResultsPage - INFO - About to loop through each card
2026-01-13 20:33:39,587 - ResultsPage - INFO - Length of all_info 50
2026-01-13 20:33:39,588 - ResultsPage - INFO - Finished Scraping page
2026-01-13 20:33:39,589 - ResultsPage - INFO - Checking for availability of next page
2026-01-13 20:33:39,589 - ResultsPage - INFO - Waiting for clickability of next button
2026-01-13 20:33:39,676 - ResultsPage - INFO - Next button found
2026-01-13 20:33:41,351 - ResultsPage - ERROR - Could not click next button, trying agian.
2026-01-13 20:33:41,352 - ResultsPage - INFO - Waiting for clickability of next button
2026-01-13 20:33:41,465 - ResultsPage - INFO - Next button found
2026-01-13 20:33:42,277 - ResultsPage - INFO - Next Button clicked
2026-01-13 20:33:42,278 - ResultsPage - INFO - Moving to Page: 3
2026-01-13 20:33:42,278 - ResultsPage - INFO - Waiting for Cards
2026-01-13 20:33:43,991 - ResultsPage - INFO - 25 Cards Located
2026-01-13 20:33:43,992 - ResultsPage - INFO - About to loop through each card
2026-01-13 20:33:58,890 - ResultsPage - INFO - Length of all_info 75
2026-01-13 20:33:58,891 - ResultsPage - INFO - Finished Scraping page
2026-01-13 20:33:58,891 - ResultsPage - INFO - Checking for availability of next page
2026-01-13 20:33:58,892 - ResultsPage - INFO - Waiting for clickability of next button
2026-01-13 20:33:58,949 - ResultsPage - INFO - Next button found
2026-01-13 20:34:00,452 - ResultsPage - ERROR - Could not click next button, trying agian.
2026-01-13 20:34:00,453 - ResultsPage - INFO - Waiting for clickability of next button
2026-01-13 20:34:00,545 - ResultsPage - INFO - Next button found
2026-01-13 20:34:01,440 - ResultsPage - INFO - Next Button clicked
2026-01-13 20:34:01,441 - ResultsPage - INFO - Moving to Page: 4
2026-01-13 20:34:01,441 - ResultsPage - INFO - Waiting for Cards
2026-01-13 20:34:03,980 - ResultsPage - INFO - 25 Cards Located
2026-01-13 20:34:03,980 - ResultsPage - INFO - About to loop through each card
2026-01-13 20:34:19,383 - ResultsPage - INFO - Length of all_info 100
2026-01-13 20:34:19,384 - ResultsPage - INFO - Finished Scraping page
2026-01-13 20:34:19,384 - ResultsPage - INFO - Checking for availability of next page
2026-01-13 20:34:19,385 - ResultsPage - INFO - Waiting for clickability of next button
2026-01-13 20:34:19,440 - ResultsPage - INFO - Next button found
2026-01-13 20:34:21,215 - ResultsPage - ERROR - Could not click next button, trying agian.
2026-01-13 20:34:21,216 - ResultsPage - INFO - Waiting for clickability of next button
2026-01-13 20:34:21,303 - ResultsPage - INFO - Next button found
2026-01-13 20:34:22,165 - ResultsPage - INFO - Next Button clicked
2026-01-13 20:34:22,166 - ResultsPage - INFO - Moving to Page: 5
2026-01-13 20:34:22,167 - ResultsPage - INFO - Waiting for Cards
2026-01-13 20:34:24,480 - ResultsPage - INFO - 25 Cards Located
2026-01-13 20:34:24,481 - ResultsPage - INFO - About to loop through each card
2026-01-13 20:34:39,894 - ResultsPage - INFO - Length of all_info 125
2026-01-13 20:34:39,894 - ResultsPage - INFO - Finished Scraping page
2026-01-13 20:34:39,895 - ResultsPage - INFO - Checking for availability of next page
2026-01-13 20:34:39,896 - ResultsPage - INFO - Waiting for clickability of next button
2026-01-13 20:34:39,984 - ResultsPage - INFO - Next button found
2026-01-13 20:34:41,829 - ResultsPage - ERROR - Could not click next button, trying agian.
2026-01-13 20:34:41,829 - ResultsPage - INFO - Waiting for clickability of next button
2026-01-13 20:34:41,871 - ResultsPage - INFO - Next button found
2026-01-13 20:34:42,565 - ResultsPage - INFO - Next Button clicked
2026-01-13 20:34:42,566 - ResultsPage - INFO - Moving to Page: 6
2026-01-13 20:34:42,567 - ResultsPage - INFO - Waiting for Cards
2026-01-13 20:34:44,911 - ResultsPage - INFO - 25 Cards Located
2026-01-13 20:34:44,912 - ResultsPage - INFO - About to loop through each card
2026-01-13 20:35:00,437 - ResultsPage - INFO - Length of all_info 150
2026-01-13 20:35:00,438 - ResultsPage - INFO - Finished Scraping page
2026-01-13 20:35:00,438 - ResultsPage - INFO - Checking for availability of next page
2026-01-13 20:35:00,439 - ResultsPage - INFO - Waiting for clickability of next button
2026-01-13 20:35:00,525 - ResultsPage - INFO - Next button found
2026-01-13 20:35:02,322 - ResultsPage - ERROR - Could not click next button, trying agian.
2026-01-13 20:35:02,323 - ResultsPage - INFO - Waiting for clickability of next button
2026-01-13 20:35:02,423 - ResultsPage - INFO - Next button found
2026-01-13 20:35:03,175 - ResultsPage - INFO - Next Button clicked
2026-01-13 20:35:03,176 - ResultsPage - INFO - Moving to Page: 7
2026-01-13 20:35:03,177 - ResultsPage - INFO - Waiting for Cards
2026-01-13 20:35:05,685 - ResultsPage - INFO - 25 Cards Located
2026-01-13 20:35:05,686 - ResultsPage - INFO - About to loop through each card
2026-01-13 20:35:20,030 - ResultsPage - INFO - Length of all_info 175
2026-01-13 20:35:20,031 - ResultsPage - INFO - Finished Scraping page
2026-01-13 20:35:20,031 - ResultsPage - INFO - Checking for availability of next page
2026-01-13 20:35:20,031 - ResultsPage - INFO - Waiting for clickability of next button
2026-01-13 20:35:20,081 - ResultsPage - INFO - Next button found
2026-01-13 20:35:21,877 - ResultsPage - ERROR - Could not click next button, trying agian.
2026-01-13 20:35:21,878 - ResultsPage - INFO - Waiting for clickability of next button
2026-01-13 20:35:21,972 - ResultsPage - INFO - Next button found
2026-01-13 20:35:22,901 - ResultsPage - INFO - Next Button clicked
2026-01-13 20:35:22,902 - ResultsPage - INFO - Moving to Page: 8
2026-01-13 20:35:22,902 - ResultsPage - INFO - Waiting for Cards
2026-01-13 20:35:24,968 - ResultsPage - INFO - 25 Cards Located
2026-01-13 20:35:24,969 - ResultsPage - INFO - About to loop through each card
2026-01-13 20:35:40,370 - ResultsPage - INFO - Length of all_info 200
2026-01-13 20:35:40,371 - ResultsPage - INFO - Finished Scraping page
2026-01-13 20:35:40,372 - ResultsPage - INFO - Checking for availability of next page
2026-01-13 20:35:40,373 - ResultsPage - INFO - Waiting for clickability of next button
2026-01-13 20:35:40,483 - ResultsPage - INFO - Next button found
2026-01-13 20:35:42,412 - ResultsPage - ERROR - Could not click next button, trying agian.
2026-01-13 20:35:42,412 - ResultsPage - INFO - Waiting for clickability of next button
2026-01-13 20:35:42,477 - ResultsPage - INFO - Next button found
2026-01-13 20:35:43,426 - ResultsPage - INFO - Next Button clicked
2026-01-13 20:35:43,427 - ResultsPage - INFO - Moving to Page: 9
2026-01-13 20:35:43,428 - ResultsPage - INFO - Waiting for Cards
2026-01-13 20:35:45,904 - ResultsPage - INFO - 25 Cards Located
2026-01-13 20:35:45,904 - ResultsPage - INFO - About to loop through each card
2026-01-13 20:36:02,063 - ResultsPage - INFO - Length of all_info 225
2026-01-13 20:36:02,064 - ResultsPage - INFO - Finished Scraping page
2026-01-13 20:36:02,064 - ResultsPage - INFO - Checking for availability of next page
2026-01-13 20:36:02,065 - ResultsPage - INFO - Waiting for clickability of next button
2026-01-13 20:36:02,161 - ResultsPage - INFO - Next button found
2026-01-13 20:36:04,041 - ResultsPage - ERROR - Could not click next button, trying agian.
2026-01-13 20:36:04,042 - ResultsPage - INFO - Waiting for clickability of next button
2026-01-13 20:36:04,137 - ResultsPage - INFO - Next button found
2026-01-13 20:36:05,222 - ResultsPage - INFO - Next Button clicked
2026-01-13 20:36:05,223 - ResultsPage - INFO - Moving to Page: 10
2026-01-13 20:36:05,224 - ResultsPage - INFO - Waiting for Cards
2026-01-13 20:36:07,521 - ResultsPage - INFO - 25 Cards Located
2026-01-13 20:36:07,521 - ResultsPage - INFO - About to loop through each card
2026-01-13 20:36:23,363 - ResultsPage - INFO - Length of all_info 250
2026-01-13 20:36:23,364 - ResultsPage - INFO - Finished Scraping page
2026-01-13 20:36:23,365 - ResultsPage - INFO - Checking for availability of next page
2026-01-13 20:36:23,365 - ResultsPage - INFO - Waiting for clickability of next button
2026-01-13 20:36:23,467 - ResultsPage - INFO - Next button found
2026-01-13 20:36:25,427 - ResultsPage - ERROR - Could not click next button, trying agian.
2026-01-13 20:36:25,429 - ResultsPage - INFO - Waiting for clickability of next button
2026-01-13 20:36:25,535 - ResultsPage - INFO - Next button found
2026-01-13 20:36:26,367 - ResultsPage - INFO - Next Button clicked
2026-01-13 20:36:26,368 - ResultsPage - INFO - Moving to Page: 11
2026-01-13 20:36:26,369 - ResultsPage - INFO - Waiting for Cards
2026-01-13 20:36:28,253 - ResultsPage - INFO - 25 Cards Located
2026-01-13 20:36:28,253 - ResultsPage - INFO - About to loop through each card
2026-01-13 20:36:44,726 - ResultsPage - INFO - Length of all_info 275
2026-01-13 20:36:44,727 - ResultsPage - INFO - Finished Scraping page
2026-01-13 20:36:44,728 - ResultsPage - INFO - Checking for availability of next page
2026-01-13 20:36:44,729 - ResultsPage - INFO - Waiting for clickability of next button
2026-01-13 20:36:44,837 - ResultsPage - INFO - Next button found
2026-01-13 20:36:46,847 - ResultsPage - ERROR - Could not click next button, trying agian.
2026-01-13 20:36:46,848 - ResultsPage - INFO - Waiting for clickability of next button
2026-01-13 20:36:46,940 - ResultsPage - INFO - Next button found
2026-01-13 20:36:47,869 - ResultsPage - INFO - Next Button clicked
2026-01-13 20:36:47,869 - ResultsPage - INFO - Moving to Page: 12
2026-01-13 20:36:47,870 - ResultsPage - INFO - Waiting for Cards
2026-01-13 20:36:49,714 - ResultsPage - INFO - 25 Cards Located
2026-01-13 20:36:49,715 - ResultsPage - INFO - About to loop through each card
2026-01-13 20:37:06,156 - ResultsPage - INFO - Length of all_info 300
2026-01-13 20:37:06,157 - ResultsPage - INFO - Finished Scraping page
2026-01-13 20:37:06,157 - ResultsPage - INFO - Checking for availability of next page
2026-01-13 20:37:06,158 - ResultsPage - INFO - Waiting for clickability of next button
2026-01-13 20:37:06,247 - ResultsPage - INFO - Next button found
2026-01-13 20:37:07,887 - ResultsPage - ERROR - Could not click next button, trying agian.
2026-01-13 20:37:07,888 - ResultsPage - INFO - Waiting for clickability of next button
2026-01-13 20:37:07,993 - ResultsPage - INFO - Next button found
2026-01-13 20:37:08,806 - ResultsPage - INFO - Next Button clicked
2026-01-13 20:37:08,807 - ResultsPage - INFO - Moving to Page: 13
2026-01-13 20:37:08,807 - ResultsPage - INFO - Waiting for Cards
2026-01-13 20:37:10,883 - ResultsPage - INFO - 25 Cards Located
2026-01-13 20:37:10,884 - ResultsPage - INFO - About to loop through each card
2026-01-13 20:37:27,979 - ResultsPage - INFO - Length of all_info 325
2026-01-13 20:37:27,980 - ResultsPage - INFO - Finished Scraping page
2026-01-13 20:37:27,981 - ResultsPage - INFO - Checking for availability of next page
2026-01-13 20:37:27,982 - ResultsPage - INFO - Waiting for clickability of next button
2026-01-13 20:37:28,072 - ResultsPage - INFO - Next button found
2026-01-13 20:37:30,083 - ResultsPage - ERROR - Could not click next button, trying agian.
2026-01-13 20:37:30,083 - ResultsPage - INFO - Waiting for clickability of next button
2026-01-13 20:37:30,215 - ResultsPage - INFO - Next button found
2026-01-13 20:37:31,330 - ResultsPage - INFO - Next Button clicked
2026-01-13 20:37:31,331 - ResultsPage - INFO - Moving to Page: 14
2026-01-13 20:37:31,331 - ResultsPage - INFO - Waiting for Cards
2026-01-13 20:37:33,548 - ResultsPage - INFO - 25 Cards Located
2026-01-13 20:37:33,548 - ResultsPage - INFO - About to loop through each card
2026-01-13 20:37:50,349 - ResultsPage - INFO - Length of all_info 350
2026-01-13 20:37:50,350 - ResultsPage - INFO - Finished Scraping page
2026-01-13 20:37:50,350 - ResultsPage - INFO - Checking for availability of next page
2026-01-13 20:37:50,351 - ResultsPage - INFO - Waiting for clickability of next button
2026-01-13 20:37:50,438 - ResultsPage - INFO - Next button found
2026-01-13 20:37:52,359 - ResultsPage - ERROR - Could not click next button, trying agian.
2026-01-13 20:37:52,360 - ResultsPage - INFO - Waiting for clickability of next button
2026-01-13 20:37:52,461 - ResultsPage - INFO - Next button found
2026-01-13 20:37:53,499 - ResultsPage - INFO - Next Button clicked
2026-01-13 20:37:53,500 - ResultsPage - INFO - Moving to Page: 15
2026-01-13 20:37:53,500 - ResultsPage - INFO - Waiting for Cards
2026-01-13 20:37:55,312 - ResultsPage - INFO - 25 Cards Located
2026-01-13 20:37:55,313 - ResultsPage - INFO - About to loop through each card
2026-01-13 20:38:12,465 - ResultsPage - INFO - Length of all_info 375
2026-01-13 20:38:12,466 - ResultsPage - INFO - Finished Scraping page
2026-01-13 20:38:12,467 - ResultsPage - INFO - Checking for availability of next page
2026-01-13 20:38:12,467 - ResultsPage - INFO - Waiting for clickability of next button
2026-01-13 20:38:12,559 - ResultsPage - INFO - Next button found
2026-01-13 20:38:13,622 - ResultsPage - INFO - Next Button clicked
2026-01-13 20:38:13,622 - ResultsPage - INFO - Moving to Page: 16
2026-01-13 20:38:13,623 - ResultsPage - INFO - Waiting for Cards
2026-01-13 20:38:15,911 - ResultsPage - INFO - 25 Cards Located
2026-01-13 20:38:15,914 - ResultsPage - INFO - About to loop through each card
2026-01-13 20:38:33,200 - ResultsPage - INFO - Length of all_info 400
2026-01-13 20:38:33,201 - ResultsPage - INFO - Finished Scraping page
2026-01-13 20:38:33,201 - ResultsPage - INFO - Checking for availability of next page
2026-01-13 20:38:33,202 - ResultsPage - INFO - Waiting for clickability of next button
2026-01-13 20:38:33,301 - ResultsPage - INFO - Next button found
2026-01-13 20:38:35,329 - ResultsPage - ERROR - Could not click next button, trying agian.
2026-01-13 20:38:35,330 - ResultsPage - INFO - Waiting for clickability of next button
2026-01-13 20:38:35,442 - ResultsPage - INFO - Next button found
2026-01-13 20:38:36,382 - ResultsPage - INFO - Next Button clicked
2026-01-13 20:38:36,383 - ResultsPage - INFO - Moving to Page: 17
2026-01-13 20:38:36,384 - ResultsPage - INFO - Waiting for Cards
2026-01-13 20:38:38,311 - ResultsPage - INFO - 20 Cards Located
2026-01-13 20:38:38,312 - ResultsPage - INFO - About to loop through each card
2026-01-13 20:38:52,343 - ResultsPage - INFO - Length of all_info 420
2026-01-13 20:38:52,344 - ResultsPage - INFO - Finished Scraping page
2026-01-13 20:38:52,345 - ResultsPage - INFO - Checking for availability of next page
2026-01-13 20:38:52,345 - ResultsPage - INFO - Waiting for clickability of next button
2026-01-13 20:39:02,800 - ResultsPage - INFO - No more pages
